
> pixen-india-digital@1.0.0 build
> next build

  Γû▓ Next.js 14.2.3
  - Environments: .env.local

   Creating an optimized production build ...
node.exe :  ΓÜá 
Compiled with warnings
At line:1 char:1
+ & "C:\Program Files\
nodejs/node.exe" 
"C:\Program 
Files\nodejs/node_mo 
...
+ ~~~~~~~~~~~~~~~~~~~~
~~~~~~~~~~~~~~~~~~~~~~
~~~~~~~~~~~~~~~~~~~~~~
~~~~~
    + CategoryInfo    
          : NotSpeci  
  fied: ( ΓÜá Compi   
 led with warnings    
:String) [], Remo    
teException
    + FullyQualifiedE 
   rrorId : NativeCo  
  mmandError
 

./components/index.ts
The requested module 
'./Navbar' contains 
conflicting star 
exports for the names 
'$$typeof', 
'__esModule' with the 
previous requested 
module './Button'

Import trace for 
requested module:
./components/index.ts
./app/terms-of-service
/page.tsx

./components/index.ts
The requested module 
'./CursorFollower' 
contains conflicting 
star exports for the 
names '$$typeof', 
'__esModule' with the 
previous requested 
module './Button'

Import trace for 
requested module:
./components/index.ts
./app/terms-of-service
/page.tsx

 Γ£ô Compiled successfully
   Linting and checking validity of types ...

Failed to compile.

./app/page.tsx
19:13  Warning: Using 
`<img>` could result 
in slower LCP and 
higher bandwidth. 
Consider using 
`<Image />` from 
`next/image` to 
automatically 
optimize images. This 
may incur additional 
usage or cost from 
your provider. See: ht
tps://nextjs.org/docs/
messages/no-img-elemen
t  @next/next/no-img-e
lement
20:13  Warning: Using 
`<img>` could result 
in slower LCP and 
higher bandwidth. 
Consider using 
`<Image />` from 
`next/image` to 
automatically 
optimize images. This 
may incur additional 
usage or cost from 
your provider. See: ht
tps://nextjs.org/docs/
messages/no-img-elemen
t  @next/next/no-img-e
lement

./app/pricing/page.tsx
74:13  Warning: Using 
`<img>` could result 
in slower LCP and 
higher bandwidth. 
Consider using 
`<Image />` from 
`next/image` to 
automatically 
optimize images. This 
may incur additional 
usage or cost from 
your provider. See: ht
tps://nextjs.org/docs/
messages/no-img-elemen
t  @next/next/no-img-e
lement
75:13  Warning: Using 
`<img>` could result 
in slower LCP and 
higher bandwidth. 
Consider using 
`<Image />` from 
`next/image` to 
automatically 
optimize images. This 
may incur additional 
usage or cost from 
your provider. See: ht
tps://nextjs.org/docs/
messages/no-img-elemen
t  @next/next/no-img-e
lement

./app/profile/page.tsx
529:84  Error: `'` 
can be escaped with 
`&apos;`, `&lsquo;`, 
`&#39;`, `&rsquo;`.  r
eact/no-unescaped-enti
ties

info  - Need to 
disable some ESLint 
rules? Learn more 
here: https://nextjs.o
rg/docs/basic-features
/eslint#disabling-rule
s
