
> pixen-india-digital@1.0.0 build
> next build

  Γû▓ Next.js 14.2.3

   Creating an optimized production build ...
node.exe : Failed to 
compile.
At line:1 char:1
+ & "C:\Program Files\
nodejs/node.exe" 
"C:\Program 
Files\nodejs/node_mo 
...
+ ~~~~~~~~~~~~~~~~~~~~
~~~~~~~~~~~~~~~~~~~~~~
~~~~~~~~~~~~~~~~~~~~~~
~~~~~
    + CategoryInfo    
          : NotSpeci  
  fied: (Failed to    
 compile.:String)     
[], RemoteExcepti    
on
    + FullyQualifiedE 
   rrorId : NativeCo  
  mmandError
 

./app/api/contact/rout
e.ts
Module not found: 
Can't resolve 
'@/lib/firebase'

https://nextjs.org/doc
s/messages/module-not-
found


> Build failed 
because of webpack 
errors
