
> pixen-india-digital@1.0.0 build
> next build

  ▲ Next.js 14.2.3
  - Environments: .env.local

   Creating an optimized production build ...
 ⚠ Compiled with warnings

./components/index.ts
The requested module './Navbar' contains conflicting star exports for the names '$$typeof', '__esModule' with the previous requested module './Button'

Import trace for requested module:
./components/index.ts
./app/dashboard/page.tsx

./components/index.ts
The requested module './CursorFollower' contains conflicting star exports for the names '$$typeof', '__esModule' with the previous requested module './Button'

Import trace for requested module:
./components/index.ts
./app/dashboard/page.tsx

 ✓ Compiled successfully
   Linting and checking validity of types ...

Failed to compile.

./app/page.tsx
19:13  Warning: Using `<img>` could result in slower LCP and higher bandwidth. Consider using `<Image />` from `next/image` to automatically optimize images. This may incur additional usage or cost from your provider. See: https://nextjs.org/docs/messages/no-img-element  @next/next/no-img-element
20:13  Warning: Using `<img>` could result in slower LCP and higher bandwidth. Consider using `<Image />` from `next/image` to automatically optimize images. This may incur additional usage or cost from your provider. See: https://nextjs.org/docs/messages/no-img-element  @next/next/no-img-element

./app/pricing/page.tsx
74:13  Warning: Using `<img>` could result in slower LCP and higher bandwidth. Consider using `<Image />` from `next/image` to automatically optimize images. This may incur additional usage or cost from your provider. See: https://nextjs.org/docs/messages/no-img-element  @next/next/no-img-element
75:13  Warning: Using `<img>` could result in slower LCP and higher bandwidth. Consider using `<Image />` from `next/image` to automatically optimize images. This may incur additional usage or cost from your provider. See: https://nextjs.org/docs/messages/no-img-element  @next/next/no-img-element

./app/profile/page.tsx
529:84  Error: `'` can be escaped with `&apos;`, `&lsquo;`, `&#39;`, `&rsquo;`.  react/no-unescaped-entities

info  - Need to disable some ESLint rules? Learn more here: https://nextjs.org/docs/basic-features/eslint#disabling-rules
